../Drivers/SIM800/SIM800H.c:1253:15:SIM800H_Register_Status.part.0	40	static
../Drivers/SIM800/SIM800H.c:1379:22:SIM800H_Send_SMS	40	static
../Drivers/SIM800/SIM800H.c:356:6:Get_DateTime	40	static
../Drivers/SIM800/SIM800H.c:630:15:Get_SendFlags	24	static
../Drivers/SIM800/SIM800H.c:648:6:Add_Message_to_Que	112	static
../Drivers/SIM800/SIM800H.c:1119:6:Get_AirTime	24	static
../Drivers/SIM800/SIM800H.c:1253:15:SIM800H_Register_Status	8	static
../Drivers/SIM800/SIM800H.c:1281:17:SIM800H_CCID	40	static
../Drivers/SIM800/SIM800H.c:1299:15:SIM800H_CSQ	40	static
../Drivers/SIM800/SIM800H.c:372:8:Build_Message	96	static
../Drivers/SIM800/SIM800H.c:759:15:Check_MessageQue	24	static
../Drivers/SIM800/SIM800H.c:1160:15:SIM800H_Start	48	static
../Drivers/SIM800/SIM800H.c:1204:15:SIM800H_Restart	16	static
../Drivers/SIM800/SIM800H.c:1328:8:SIM800H_Check_SMS	16	static
../Drivers/SIM800/SIM800H.c:1362:15:SIM800H_Delete_SMS	24	static
../Drivers/SIM800/SIM800H.c:788:15:Check_for_Messages	96	static
../Drivers/SIM800/SIM800H.c:1404:15:SIM800H_Connect_Data	24	static
../Drivers/SIM800/SIM800H.c:1806:15:Send_GPRS_SIM800	104	static
../Drivers/SIM800/SIM800H.c:165:15:Send_Message	120	static
../Drivers/SIM800/SIM800H.c:1917:6:SIM800H_RX	8	static
