../Core/Src/main.c:963:6:StartDefaultTask	72	static
../Core/Src/main.c:1142:6:StartGSMTask	40	static
../Core/Src/main.c:191:6:HAL_UART_RxCpltCallback	8	static
../Core/Src/main.c:382:6:SystemClock_Config	96	static,ignoring_inline_asm
../Core/Src/main.c:295:5:main	120	static,ignoring_inline_asm
../Core/Src/main.c:867:6:HAL_RTC_AlarmAEventCallback	8	static
../Core/Src/main.c:1203:6:HAL_TIM_PeriodElapsedCallback	8	static
../Core/Src/main.c:1220:6:Error_Handler	0	static,ignoring_inline_asm
../Core/Src/main.c:1239:6:assert_failed	0	static
