../Drivers/RF_RX/RF_RX.c:153:6:Delay_LED	24	static
../Drivers/RF_RX/RF_RX.c:163:6:Clear_RF_Device_List	88	static
../Drivers/RF_RX/RF_RX.c:177:6:Save_RF_Device_List	88	static
../Drivers/RF_RX/RF_RX.c:191:6:Load_RF_Device_List	16	static
../Drivers/RF_RX/RF_RX.c:205:15:Search_Device	32	static
../Drivers/RF_RX/RF_RX.c:221:15:Get_Space	24	static
../Drivers/RF_RX/RF_RX.c:245:6:Check_RF_Flags	24	static
../Drivers/RF_RX/RF_RX.c:624:6:BuzzerTMR_Int	8	static
../Drivers/RF_RX/RF_RX.c:657:6:RF_PacketTMR_Int	8	static
../Drivers/RF_RX/RF_RX.c:670:6:RX_Pin_Int	8	static
