../Core/Src/main.c:193:6:HAL_UART_RxCpltCallback	16	static
../Core/Src/main.c:297:5:main	72	static
../Core/Src/main.c:384:6:SystemClock_Config	104	static
../Core/Src/main.c:442:13:MX_NVIC_Init	8	static
../Core/Src/main.c:475:13:MX_ADC_Init	24	static
../Core/Src/main.c:529:13:MX_I2C1_Init	8	static
../Core/Src/main.c:577:13:MX_IWDG_Init	8	static
../Core/Src/main.c:606:13:MX_RTC_Init	72	static
../Core/Src/main.c:688:13:MX_TIM6_Init	8	static
../Core/Src/main.c:718:13:MX_TIM7_Init	8	static
../Core/Src/main.c:748:13:MX_USART2_UART_Init	8	static
../Core/Src/main.c:783:13:MX_GPIO_Init	56	static
../Core/Src/main.c:869:6:HAL_RTC_AlarmAEventCallback	16	static
../Core/Src/main.c:965:6:StartDefaultTask	64	static
../Core/Src/main.c:1148:6:StartGSMTask	16	static
../Core/Src/main.c:1210:6:HAL_TIM_PeriodElapsedCallback	16	static
../Core/Src/main.c:1227:6:Error_Handler	8	static,ignoring_inline_asm
../Core/Src/main.c:1246:6:assert_failed	16	static
