../Drivers/RF_RX/RF_RX.c:151:6:Delay_LED	0	static
../Drivers/RF_RX/RF_RX.c:161:6:Clear_RF_Device_List	72	static
../Drivers/RF_RX/RF_RX.c:175:6:Save_RF_Device_List	80	static
../Drivers/RF_RX/RF_RX.c:189:6:Load_RF_Device_List	16	static
../Drivers/RF_RX/RF_RX.c:203:15:Search_Device	16	static
../Drivers/RF_RX/RF_RX.c:219:15:Get_Space	24	static
../Drivers/RF_RX/RF_RX.c:243:6:Check_RF_Flags	112	static
../Drivers/RF_RX/RF_RX.c:594:6:BuzzerTMR_Int	16	static
../Drivers/RF_RX/RF_RX.c:627:6:RF_PacketTMR_Int	8	static
../Drivers/RF_RX/RF_RX.c:640:6:RX_Pin_Int	24	static
