../Drivers/SIM800/SIM800H.c:176:15:Send_Message	104	static
../Drivers/SIM800/SIM800H.c:332:6:Get_DateTime	32	static
../Drivers/SIM800/SIM800H.c:348:8:Build_Message	72	static
../Drivers/SIM800/SIM800H.c:604:15:Get_SendFlags	32	static
../Drivers/SIM800/SIM800H.c:622:6:Add_Message_to_Que	64	static
../Drivers/SIM800/SIM800H.c:738:15:Check_MessageQue	16	static
../Drivers/SIM800/SIM800H.c:768:15:Check_for_Messages	120	static
../Drivers/SIM800/SIM800H.c:1099:6:Get_AirTime	24	static
../Drivers/SIM800/SIM800H.c:1143:7:Replace_Spaces_Plus	32	static
../Drivers/SIM800/SIM800H.c:1162:15:SIMA76_HTTP_Start	16	static
../Drivers/SIM800/SIM800H.c:1192:22:SIMA76_HTTP_Send_Message	376	static
../Drivers/SIM800/SIM800H.c:1254:15:SIM800_Wait_for_Responce	24	static
../Drivers/SIM800/SIM800H.c:1266:15:SIM800H_Start	8	static
../Drivers/SIM800/SIM800H.c:1316:15:SIM800H_Restart	8	static
../Drivers/SIM800/SIM800H.c:1331:13:SIM800H_Shutdown	8	static
../Drivers/SIM800/SIM800H.c:1339:13:SIM800H_Defaults	16	static
../Drivers/SIM800/SIM800H.c:1382:15:SIM800H_Register_Status	16	static
../Drivers/SIM800/SIM800H.c:1410:17:SIM800H_CCID	16	static
../Drivers/SIM800/SIM800H.c:1428:15:SIM800H_CSQ	16	static
../Drivers/SIM800/SIM800H.c:1457:15:SIM800H_CPIN	16	static
../Drivers/SIM800/SIM800H.c:1480:8:SIM800H_Check_SMS	16	static
../Drivers/SIM800/SIM800H.c:1514:15:SIM800H_Delete_SMS	32	static
../Drivers/SIM800/SIM800H.c:1531:22:SIM800H_Send_SMS	24	static
../Drivers/SIM800/SIM800H.c:1556:15:SIM800H_Connect_Data	16	static
../Drivers/SIM800/SIM800H.c:1582:22:SIM800H_Disconnect_Data	8	static
../Drivers/SIM800/SIM800H.c:1610:22:SIM800H_Send_Data	16	static
../Drivers/SIM800/SIM800H.c:1640:22:SIM800H_GPRS_Setup	16	static
../Drivers/SIM800/SIM800H.c:1749:13:SIM800H_Clear_Buffers	16	static
../Drivers/SIM800/SIM800H.c:1761:22:SIM800H_Connect_MQTT	128	static
../Drivers/SIM800/SIM800H.c:1797:22:SIM800H_Send_MQTT	48	static
../Drivers/SIM800/SIM800H.c:1830:22:SIM800H_Sub_MQTT	128	static
../Drivers/SIM800/SIM800H.c:1853:22:SIM800H_Ping_MQTT	112	static
../Drivers/SIM800/SIM800H.c:1877:22:SIM800H_Disconnect_MQTT	112	static
../Drivers/SIM800/SIM800H.c:1900:15:Send_GPRS_SIM800	112	static
../Drivers/SIM800/SIM800H.c:1999:13:SIM800H_TX	16	static
../Drivers/SIM800/SIM800H.c:2011:6:SIM800H_RX	8	static
